src/App.tsx(5,1): error TS6133: 'React' is declared but its value is never read.
src/components/Canvas/ColumnDefinitionsMenu.tsx(7,3): error TS6133: 'Menu' is declared but its value is never read.
src/components/Canvas/ColumnDefinitionsMenu.tsx(8,3): error TS6133: 'MenuButton' is declared but its value is never read.
src/components/Canvas/ColumnDefinitionsMenu.tsx(9,3): error TS6133: 'MenuList' is declared but its value is never read.
src/components/Canvas/ColumnDefinitionsMenu.tsx(10,3): error TS6133: 'MenuItem' is declared but its value is never read.
src/components/Canvas/ColumnDefinitionsMenu.tsx(20,3): error TS6133: 'Tooltip' is declared but its value is never read.
src/components/Canvas/ColumnDefinitionsMenu.tsx(22,10): error TS6133: 'Database' is declared but its value is never read.
src/components/Canvas/ColumnDefinitionsMenu.tsx(47,3): error TS6133: 'onClose' is declared but its value is never read.
src/components/Canvas/ColumnPropertiesPanel.tsx(21,3): error TS6133: 'Divider' is declared but its value is never read.
src/components/Canvas/ColumnPropertiesPanel.tsx(23,3): error TS6133: 'Tooltip' is declared but its value is never read.
src/components/Canvas/ColumnPropertiesPanel.tsx(33,1): error TS6133: 'sourceTableApi' is declared but its value is never read.
src/components/Canvas/ColumnPropertiesPanel.tsx(49,11): error TS6196: 'ColumnGroup' is declared but never used.
src/components/Canvas/ColumnPropertiesPanel.tsx(274,9): error TS6133: 'handleMapColumn' is declared but its value is never read.
src/components/Canvas/DataFlowCanvasChakra.tsx(1268,20): error TS18048: 'nodeTypeDef' is possibly 'undefined'.
src/components/Canvas/DataFlowCanvasChakra.tsx(1273,20): error TS18048: 'nodeTypeDef' is possibly 'undefined'.
src/components/Canvas/DataFlowCanvasChakra.tsx(1300,78): error TS18048: 'nodeTypeDef' is possibly 'undefined'.
src/components/Canvas/EditableNodeName.tsx(6,23): error TS6133: 'Box' is declared but its value is never read.
src/components/Canvas/FilterConfigPanel.tsx(15,3): error TS6133: 'Badge' is declared but its value is never read.
src/components/Canvas/FilterConfigPanel.tsx(18,3): error TS6133: 'Divider' is declared but its value is never read.
src/components/Canvas/FilterConfigPanel.tsx(22,3): error TS6133: 'Tooltip' is declared but its value is never read.
src/components/Canvas/FilterConfigPanel.tsx(23,3): error TS6133: 'Menu' is declared but its value is never read.
src/components/Canvas/FilterConfigPanel.tsx(24,3): error TS6133: 'MenuButton' is declared but its value is never read.
src/components/Canvas/FilterConfigPanel.tsx(25,3): error TS6133: 'MenuList' is declared but its value is never read.
src/components/Canvas/FilterConfigPanel.tsx(26,3): error TS6133: 'MenuItem' is declared but its value is never read.
src/components/Canvas/FilterConfigPanel.tsx(29,19): error TS6133: 'Trash2' is declared but its value is never read.
src/components/Canvas/FilterConfigPanel.tsx(29,27): error TS6133: 'Code' is declared but its value is never read.
src/components/Canvas/FilterNode.tsx(7,37): error TS6133: 'Badge' is declared but its value is never read.
src/components/Canvas/FilterNode.tsx(48,9): error TS6133: 'statusColor' is declared but its value is never read.
src/components/Canvas/JoinConfigPanel.tsx(14,3): error TS6133: 'Badge' is declared but its value is never read.
src/components/Canvas/JoinConfigPanel.tsx(21,3): error TS6133: 'Checkbox' is declared but its value is never read.
src/components/Canvas/JoinConfigPanel.tsx(61,31): error TS6133: 'setSelectedLeftColumns' is declared but its value is never read.
src/components/Canvas/JoinConfigPanel.tsx(62,32): error TS6133: 'setSelectedRightColumns' is declared but its value is never read.
src/components/Canvas/JoinConfigPanel.tsx(64,19): error TS6133: 'setLoading' is declared but its value is never read.
src/components/Canvas/NodeConfigPanelChakra.tsx(23,3): error TS6133: 'Divider' is declared but its value is never read.
src/components/Canvas/NodeConfigPanelChakra.tsx(24,3): error TS6133: 'Alert' is declared but its value is never read.
src/components/Canvas/NodeConfigPanelChakra.tsx(25,3): error TS6133: 'AlertIcon' is declared but its value is never read.
src/components/Canvas/NodeConfigPanelChakra.tsx(26,3): error TS6133: 'Code' is declared but its value is never read.
src/components/Canvas/NodeConfigPanelChakra.tsx(51,10): error TS6133: 'loading' is declared but its value is never read.
src/components/Canvas/NodeConfigPanelChakra.tsx(51,19): error TS6133: 'setLoading' is declared but its value is never read.
src/components/Canvas/NodeContextMenu.tsx(7,3): error TS6133: 'Menu' is declared but its value is never read.
src/components/Canvas/NodeContextMenu.tsx(8,3): error TS6133: 'MenuList' is declared but its value is never read.
src/components/Canvas/NodeContextMenu.tsx(9,3): error TS6133: 'MenuItem' is declared but its value is never read.
src/components/Canvas/NodeContextMenu.tsx(27,3): error TS6133: 'Calculator' is declared but its value is never read.
src/components/Canvas/NodeContextMenu.tsx(69,3): error TS6133: 'nodes' is declared but its value is never read.
src/components/Canvas/NodeContextMenu.tsx(70,3): error TS6133: 'edges' is declared but its value is never read.
src/components/Canvas/NodeContextMenu.tsx(233,19): error TS6133: 'colorScheme' is declared but its value is never read.
src/components/Canvas/SourceConnectionsSidebar.tsx(5,38): error TS6133: 'useCallback' is declared but its value is never read.
src/components/Canvas/SourceConnectionsSidebar.tsx(13,3): error TS6133: 'Divider' is declared but its value is never read.
src/components/Canvas/SourceConnectionsSidebar.tsx(15,3): error TS6133: 'useDisclosure' is declared but its value is never read.
src/components/Canvas/SourceConnectionsSidebar.tsx(22,3): error TS6133: 'Tooltip' is declared but its value is never read.
src/components/Canvas/SourceNodeConfig.tsx(35,3): error TS6133: 'Accordion' is declared but its value is never read.
src/components/Canvas/SourceNodeConfig.tsx(36,3): error TS6133: 'AccordionItem' is declared but its value is never read.
src/components/Canvas/SourceNodeConfig.tsx(37,3): error TS6133: 'AccordionButton' is declared but its value is never read.
src/components/Canvas/SourceNodeConfig.tsx(38,3): error TS6133: 'AccordionPanel' is declared but its value is never read.
src/components/Canvas/SourceNodeConfig.tsx(39,3): error TS6133: 'AccordionIcon' is declared but its value is never read.
src/components/Canvas/SourceNodeConfig.tsx(40,3): error TS6133: 'Code' is declared but its value is never read.
src/components/Canvas/SourceNodeConfig.tsx(44,33): error TS6133: 'XCircle' is declared but its value is never read.
src/components/Canvas/SourceNodeConfig.tsx(45,15): error TS6133: 'connectionApi' is declared but its value is never read.
src/components/Canvas/SourceNodeConfig.tsx(90,3): error TS6133: 'nodeId' is declared but its value is never read.
src/pages/CanvasPageChakra.tsx(14,3): error TS6133: 'Container' is declared but its value is never read.
src/pages/CreateProjectPage.tsx(79,30): error TS2322: Type '{ children: Element[]; align: "center"; spacing: number; }' is not assignable to type 'IntrinsicAttributes & Omit<DetailedHTMLProps<HTMLAttributes<HTMLDivElement>, HTMLDivElement>, keyof FlexProps> & { ...; } & FlexProps & { ...; }'.
  Property 'spacing' does not exist on type 'IntrinsicAttributes & Omit<DetailedHTMLProps<HTMLAttributes<HTMLDivElement>, HTMLDivElement>, keyof FlexProps> & { ...; } & FlexProps & { ...; }'.
src/pages/DashboardPageChakra.tsx(48,30): error TS6133: 'canvasApi' is declared but its value is never read.
src/pages/DashboardPageChakra.tsx(129,10): error TS6133: 'destPort' is declared but its value is never read.
src/pages/DashboardPageChakra.tsx(616,61): error TS2339: Property 'isLoading' does not exist on type 'UseMutationResult<AxiosResponse<any, any, {}>, Error, number, unknown>'.
  Property 'isLoading' does not exist on type 'Override<MutationObserverIdleResult<AxiosResponse<any, any, {}>, Error, number, unknown>, { mutate: UseMutateFunction<AxiosResponse<any, any, {}>, Error, number, unknown>; }> & { ...; }'.
src/pages/LoginPageChakra.tsx(39,9): error TS6133: 'navigate' is declared but its value is never read.
src/pages/ProjectDashboardPage.tsx(45,49): error TS6133: 'Edit' is declared but its value is never read.
src/pages/ProjectDashboardPage.tsx(49,10): error TS6133: 'useCanvases' is declared but its value is never read.
src/pages/ProjectDashboardPage.tsx(122,9): error TS6133: 'deleteCanvasMutation' is declared but its value is never read.
src/pages/ProjectDashboardPage.tsx(309,54): error TS2322: Type '{ children: Element; w: "100%"; h: "100vh"; bg: "gray.50" | "gray.900"; display: "flex"; justify: string; align: string; }' is not assignable to type 'IntrinsicAttributes & Omit<DetailedHTMLProps<HTMLAttributes<HTMLDivElement>, HTMLDivElement>, "filter" | ... 427 more ... | "css"> & { ...; } & Omit<...> & { ...; }'.
  Property 'justify' does not exist on type 'IntrinsicAttributes & Omit<DetailedHTMLProps<HTMLAttributes<HTMLDivElement>, HTMLDivElement>, "filter" | ... 427 more ... | "css"> & { ...; } & Omit<...> & { ...; }'.
src/pages/ProjectDashboardPage.tsx(319,54): error TS2322: Type '{ children: Element; w: "100%"; h: "100vh"; bg: "gray.50" | "gray.900"; display: "flex"; justify: string; align: string; }' is not assignable to type 'IntrinsicAttributes & Omit<DetailedHTMLProps<HTMLAttributes<HTMLDivElement>, HTMLDivElement>, "filter" | ... 427 more ... | "css"> & { ...; } & Omit<...> & { ...; }'.
  Property 'justify' does not exist on type 'IntrinsicAttributes & Omit<DetailedHTMLProps<HTMLAttributes<HTMLDivElement>, HTMLDivElement>, "filter" | ... 427 more ... | "css"> & { ...; } & Omit<...> & { ...; }'.
