src/App.tsx(5,1): error TS6133: 'React' is declared but its value is never read.
src/components/Canvas/CalculatedColumnConfigPanel.tsx(23,19): error TS6133: 'CheckCircle' is declared but its value is never read.
src/components/Canvas/CalculatedColumnConfigPanel.tsx(69,17): error TS6133: 'setError' is declared but its value is never read.
src/components/Canvas/ColumnDefinitionsMenu.tsx(7,3): error TS6133: 'Menu' is declared but its value is never read.
src/components/Canvas/ColumnDefinitionsMenu.tsx(8,3): error TS6133: 'MenuButton' is declared but its value is never read.
src/components/Canvas/ColumnDefinitionsMenu.tsx(9,3): error TS6133: 'MenuList' is declared but its value is never read.
src/components/Canvas/ColumnDefinitionsMenu.tsx(10,3): error TS6133: 'MenuItem' is declared but its value is never read.
src/components/Canvas/ColumnDefinitionsMenu.tsx(20,3): error TS6133: 'Tooltip' is declared but its value is never read.
src/components/Canvas/ColumnDefinitionsMenu.tsx(22,10): error TS6133: 'Database' is declared but its value is never read.
src/components/Canvas/ColumnDefinitionsMenu.tsx(47,3): error TS6133: 'onClose' is declared but its value is never read.
src/components/Canvas/ColumnPropertiesPanel.tsx(21,3): error TS6133: 'Divider' is declared but its value is never read.
src/components/Canvas/ColumnPropertiesPanel.tsx(23,3): error TS6133: 'Tooltip' is declared but its value is never read.
src/components/Canvas/ColumnPropertiesPanel.tsx(33,1): error TS6133: 'sourceTableApi' is declared but its value is never read.
src/components/Canvas/ColumnPropertiesPanel.tsx(49,11): error TS6196: 'ColumnGroup' is declared but never used.
src/components/Canvas/ColumnPropertiesPanel.tsx(274,9): error TS6133: 'handleMapColumn' is declared but its value is never read.
src/components/Canvas/ComputeNodeConfigPanel.tsx(41,10): error TS6133: 'CheckCircle' is declared but its value is never read.
src/components/Canvas/ComputeNodeConfigPanel.tsx(41,75): error TS6133: 'Save' is declared but its value is never read.
src/components/Canvas/ComputeNodeConfigPanel.tsx(95,11): error TS6133: 'normalizeCode' is declared but its value is never read.
src/components/Canvas/ComputeNodeConfigPanel.tsx(233,11): error TS6133: 'handleSave' is declared but its value is never read.
src/components/Canvas/DataFlowCanvasChakra.tsx(78,3): error TS6133: 'compilePipeline' is declared but its value is never read.
src/components/Canvas/DataFlowCanvasChakra.tsx(82,3): error TS6133: 'getInputSchema' is declared but its value is never read.
src/components/Canvas/DataFlowCanvasChakra.tsx(83,3): error TS6133: 'diffColumnSets' is declared but its value is never read.
src/components/Canvas/DataFlowCanvasChakra.tsx(112,9): error TS6133: 'nodesById' is declared but its value is never read.
src/components/Canvas/DataFlowCanvasChakra.tsx(113,9): error TS6133: 'compiledGraph' is declared but its value is never read.
src/components/Canvas/DataFlowCanvasChakra.tsx(122,9): error TS6133: 'selectedNodeId' is declared but its value is never read.
src/components/Canvas/DataFlowCanvasChakra.tsx(131,9): error TS6133: '_previewNodeId' is declared but its value is never read.
src/components/Canvas/DataFlowCanvasChakra.tsx(132,9): error TS6133: '_previewVisible' is declared but its value is never read.
src/components/Canvas/DataFlowCanvasChakra.tsx(133,9): error TS6133: '_previewData' is declared but its value is never read.
src/components/Canvas/DataFlowCanvasChakra.tsx(141,9): error TS6133: 'recompile' is declared but its value is never read.
src/components/Canvas/DestinationSelectorModal.tsx(261,21): error TS17001: JSX elements cannot have multiple attributes with the same name.
src/components/Canvas/EdgeContextMenu.tsx(43,3): error TS6133: 'edge' is declared but its value is never read.
src/components/Canvas/EdgeTypes.tsx(2,36): error TS2614: Module '"reactflow"' has no exported member 'getEdgeCenter'. Did you mean to use 'import getEdgeCenter from "reactflow"' instead?
src/components/Canvas/EdgeTypes.tsx(2,36): error TS6133: 'getEdgeCenter' is declared but its value is never read.
src/components/Canvas/EditableNodeName.tsx(6,23): error TS6133: 'Box' is declared but its value is never read.
src/components/Canvas/EnhancedFilterConfigPanel.tsx(31,45): error TS6133: 'CheckCircle' is declared but its value is never read.
src/components/Canvas/EnhancedFilterConfigPanel.tsx(31,58): error TS6133: 'XCircle' is declared but its value is never read.
src/components/Canvas/EnhancedFilterConfigPanel.tsx(199,9): error TS6133: 'inputNode' is declared but its value is never read.
src/components/Canvas/EnhancedFilterConfigPanel.tsx(208,5): error TS2304: Cannot find name 'loadAvailableColumnsForDirectFilter'.
src/components/Canvas/EnhancedFilterConfigPanel.tsx(296,29): error TS2345: Argument of type '{ name: string; business_name: string; technical_name: string; datatype: string; nullable: boolean; }[]' is not assignable to parameter of type 'SetStateAction<ColumnMetadata[]>'.
  Type '{ name: string; business_name: string; technical_name: string; datatype: string; nullable: boolean; }[]' is not assignable to type 'ColumnMetadata[]'.
    Type '{ name: string; business_name: string; technical_name: string; datatype: string; nullable: boolean; }' is not assignable to type 'ColumnMetadata'.
      Types of property 'datatype' are incompatible.
        Type 'string' is not assignable to type 'ColumnDataType'.
src/components/Canvas/FilterNode.tsx(7,37): error TS6133: 'Badge' is declared but its value is never read.
src/components/Canvas/FilterNode.tsx(51,9): error TS6133: 'statusColor' is declared but its value is never read.
src/components/Canvas/NodeConfigPanelChakra.tsx(23,3): error TS6133: 'Divider' is declared but its value is never read.
src/components/Canvas/NodeConfigPanelChakra.tsx(24,3): error TS6133: 'Alert' is declared but its value is never read.
src/components/Canvas/NodeConfigPanelChakra.tsx(25,3): error TS6133: 'AlertIcon' is declared but its value is never read.
src/components/Canvas/NodeConfigPanelChakra.tsx(26,3): error TS6133: 'Code' is declared but its value is never read.
src/components/Canvas/NodeConfigPanelChakra.tsx(51,10): error TS6133: 'loading' is declared but its value is never read.
src/components/Canvas/NodeConfigPanelChakra.tsx(51,19): error TS6133: 'setLoading' is declared but its value is never read.
src/components/Canvas/OutputHandleMenu.tsx(24,3): error TS6133: 'nodeId' is declared but its value is never read.
src/components/Canvas/OutputHandleMenu.tsx(25,3): error TS6133: 'nodeType' is declared but its value is never read.
src/components/Canvas/ProjectionConfigPanel.tsx(2301,9): error TS6133: '_handleSave' is declared but its value is never read.
src/components/Canvas/SourceNodeConfig.tsx(35,3): error TS6133: 'Accordion' is declared but its value is never read.
src/components/Canvas/SourceNodeConfig.tsx(36,3): error TS6133: 'AccordionItem' is declared but its value is never read.
src/components/Canvas/SourceNodeConfig.tsx(37,3): error TS6133: 'AccordionButton' is declared but its value is never read.
src/components/Canvas/SourceNodeConfig.tsx(38,3): error TS6133: 'AccordionPanel' is declared but its value is never read.
src/components/Canvas/SourceNodeConfig.tsx(39,3): error TS6133: 'AccordionIcon' is declared but its value is never read.
src/components/Canvas/SourceNodeConfig.tsx(40,3): error TS6133: 'Code' is declared but its value is never read.
src/components/Canvas/SourceNodeConfig.tsx(44,33): error TS6133: 'XCircle' is declared but its value is never read.
src/components/Canvas/SourceNodeConfig.tsx(45,15): error TS6133: 'connectionApi' is declared but its value is never read.
src/components/Canvas/SourceNodeConfig.tsx(90,3): error TS6133: 'nodeId' is declared but its value is never read.
src/pages/CreateProjectPage.tsx(79,30): error TS2322: Type '{ children: Element[]; align: "center"; spacing: number; }' is not assignable to type 'IntrinsicAttributes & Omit<DetailedHTMLProps<HTMLAttributes<HTMLDivElement>, HTMLDivElement>, keyof FlexProps> & { ...; } & FlexProps & { ...; }'.
  Property 'spacing' does not exist on type 'IntrinsicAttributes & Omit<DetailedHTMLProps<HTMLAttributes<HTMLDivElement>, HTMLDivElement>, keyof FlexProps> & { ...; } & FlexProps & { ...; }'.
src/pages/DashboardPageChakra.tsx(16,3): error TS6133: 'CardHeader' is declared but its value is never read.
src/pages/DashboardPageChakra.tsx(18,3): error TS6133: 'Badge' is declared but its value is never read.
src/pages/DashboardPageChakra.tsx(48,30): error TS6133: 'canvasApi' is declared but its value is never read.
src/pages/DashboardPageChakra.tsx(160,41): error TS6133: 'isSourcesLoading' is declared but its value is never read.
src/pages/DashboardPageChakra.tsx(170,46): error TS6133: 'isDestinationsLoading' is declared but its value is never read.
src/pages/DashboardPageChakra.tsx(858,61): error TS2339: Property 'isLoading' does not exist on type 'UseMutationResult<AxiosResponse<any, any, {}>, Error, number, unknown>'.
  Property 'isLoading' does not exist on type 'Override<MutationObserverIdleResult<AxiosResponse<any, any, {}>, Error, number, unknown>, { mutate: UseMutateFunction<AxiosResponse<any, any, {}>, Error, number, unknown>; }> & { ...; }'.
src/pages/DashboardPageChakra.tsx(1087,20): error TS6133: 'destinationId' is declared but its value is never read.
src/pages/JobsPage.tsx(575,75): error TS2322: Type '{ children: string; fontSize: "sm"; fontFamily: "mono"; color: "white" | "gray.800"; breakAll: true; }' is not assignable to type 'IntrinsicAttributes & Omit<DetailedHTMLProps<HTMLAttributes<HTMLParagraphElement>, HTMLParagraphElement>, keyof TextProps> & { ...; } & TextProps & { ...; }'.
  Property 'breakAll' does not exist on type 'IntrinsicAttributes & Omit<DetailedHTMLProps<HTMLAttributes<HTMLParagraphElement>, HTMLParagraphElement>, keyof TextProps> & { ...; } & TextProps & { ...; }'.
src/pages/LoginPageChakra.tsx(39,9): error TS6133: 'navigate' is declared but its value is never read.
src/pages/ProjectDashboardPage.tsx(45,49): error TS6133: 'Edit' is declared but its value is never read.
src/pages/ProjectDashboardPage.tsx(49,10): error TS6133: 'useCanvases' is declared but its value is never read.
src/pages/ProjectDashboardPage.tsx(122,9): error TS6133: 'deleteCanvasMutation' is declared but its value is never read.
src/pages/ProjectDashboardPage.tsx(473,54): error TS2322: Type '{ children: Element; w: "100%"; h: "100vh"; bg: "gray.50" | "gray.900"; display: "flex"; justify: string; align: string; }' is not assignable to type 'IntrinsicAttributes & Omit<DetailedHTMLProps<HTMLAttributes<HTMLDivElement>, HTMLDivElement>, "filter" | ... 427 more ... | "css"> & { ...; } & Omit<...> & { ...; }'.
  Property 'justify' does not exist on type 'IntrinsicAttributes & Omit<DetailedHTMLProps<HTMLAttributes<HTMLDivElement>, HTMLDivElement>, "filter" | ... 427 more ... | "css"> & { ...; } & Omit<...> & { ...; }'.
src/pages/ProjectDashboardPage.tsx(483,54): error TS2322: Type '{ children: Element; w: "100%"; h: "100vh"; bg: "gray.50" | "gray.900"; display: "flex"; justify: string; align: string; }' is not assignable to type 'IntrinsicAttributes & Omit<DetailedHTMLProps<HTMLAttributes<HTMLDivElement>, HTMLDivElement>, "filter" | ... 427 more ... | "css"> & { ...; } & Omit<...> & { ...; }'.
  Property 'justify' does not exist on type 'IntrinsicAttributes & Omit<DetailedHTMLProps<HTMLAttributes<HTMLDivElement>, HTMLDivElement>, "filter" | ... 427 more ... | "css"> & { ...; } & Omit<...> & { ...; }'.
src/pipeline-engine/schema.ts(41,54): error TS2345: Argument of type '(raw: any, fallbackDatatype?: string) => ColumnSchema' is not assignable to parameter of type '(value: ColumnSchema, index: number, array: ColumnSchema[]) => ColumnSchema'.
  Types of parameters 'fallbackDatatype' and 'index' are incompatible.
    Type 'number' is not assignable to type 'string'.
src/pipeline-engine/schema.ts(43,50): error TS2345: Argument of type '(raw: any, fallbackDatatype?: string) => ColumnSchema' is not assignable to parameter of type '(value: string, index: number, array: string[]) => ColumnSchema'.
  Types of parameters 'fallbackDatatype' and 'index' are incompatible.
    Type 'number' is not assignable to type 'string'.
src/pipeline-engine/schema.ts(83,46): error TS2339: Property 'map' does not exist on type 'ArrayIterator<[number, string]>'.
src/pipeline-engine/schema.ts(83,52): error TS7031: Binding element 'i' implicitly has an 'any' type.
src/pipeline-engine/schema.ts(83,55): error TS7031: Binding element 'name' implicitly has an 'any' type.
src/pipeline-engine/schema.ts(85,17): error TS2362: The left-hand side of an arithmetic operation must be of type 'any', 'number', 'bigint' or an enum type.
src/pipeline-engine/schema.ts(85,50): error TS2363: The right-hand side of an arithmetic operation must be of type 'any', 'number', 'bigint' or an enum type.
src/pipeline-engine/schema.ts(169,31): error TS2345: Argument of type '(raw: any, fallbackDatatype?: string) => ColumnSchema' is not assignable to parameter of type '(value: ColumnSchema, index: number, array: ColumnSchema[]) => ColumnSchema'.
  Types of parameters 'fallbackDatatype' and 'index' are incompatible.
    Type 'number' is not assignable to type 'string'.
src/pipeline-engine/schema.ts(208,29): error TS2345: Argument of type '(raw: any, fallbackDatatype?: string) => ColumnSchema' is not assignable to parameter of type '(value: ColumnSchema, index: number, array: ColumnSchema[]) => ColumnSchema'.
  Types of parameters 'fallbackDatatype' and 'index' are incompatible.
    Type 'number' is not assignable to type 'string'.
src/types/filterTypes.ts(184,47): error TS2345: Argument of type 'ColumnDataType | undefined' is not assignable to parameter of type 'ColumnDataType'.
  Type 'undefined' is not assignable to type 'ColumnDataType'.
src/types/filterTypes.ts(200,47): error TS2345: Argument of type 'ColumnDataType | undefined' is not assignable to parameter of type 'ColumnDataType'.
  Type 'undefined' is not assignable to type 'ColumnDataType'.
